<html>
<head><title>204 No Content</title></head>
<body>
<center><h1>204 No Content</h1></center>
<hr><center>webserv/1.1</center>
</body>
</html>
